---
source: crates/sotf-plugins/tests/render_plan_snapshots.rs
expression: plan
---
{
  "plugin_type": "matrix",
  "width": 1800.0,
  "design_language": "neutral",
  "corner_radius_md": 8.0,
  "min_touch_target": 32.0,
  "toggle_variant": "capsule",
  "label_position": "below",
  "orientation": "horizontal",
  "knob_size": "md",
  "group_direction": "row",
  "slider_height": 180.0,
  "show_visualizations": true,
  "columns_visible": [
    "main"
  ],
  "columns_collapsed": [],
  "visible_group_ids": [
    "primary"
  ],
  "overflow_group_ids": [],
  "config_controls": [],
  "main_groups": [
    {
      "id": "primary",
      "title": "",
      "controls": [
        {
          "param_index": 0,
          "param_name": "Gain",
          "control_type": "knob_large",
          "unit": "",
          "range": [
            0.0,
            1.0
          ],
          "read_only": false,
          "enabled": true
        }
      ]
    }
  ],
  "output_controls": [],
  "tabs": [],
  "viz_slots": [],
  "dynamic_sections": []
}
